istmina base 33 3
istmina ratio6 33 4
istmina ratio10 33 2
istmina on4 49 3
istmina on6 28 3
chaparral base 17 1
chaparral ratio6 17 2
chaparral ratio10 17 1
chaparral on4 29 1
chaparral on6 14 1
santos base 19 1
santos ratio6 19 1
santos ratio10 19 1
santos on4 27 1
santos on6 14 1
istmina2 base 8 1
istmina2 ratio6 8 1
istmina2 ratio10 8 1
istmina2 on4 14 1
istmina2 on6 8 1
control1 base 40 2
control1 ratio6 40 3
control1 ratio10 40 2
control1 on4 58 2
control1 on6 33 2
control2 base 6 0
control2 ratio6 6 0
control2 ratio10 6 0
control2 on4 13 0
control2 on6 5 0
holdout-chaparral base 16 1
holdout-chaparral ratio10 16 1
holdout-istmina base 16 1
holdout-istmina ratio10 16 1
holdout-istmina2 base 6 1
holdout-istmina2 ratio10 6 1
background-hour base 52 1
background-hour ratio10 52 1
