background-hour-base coverage 11 triggers 52 detections [('alta', 3196.0, None)]
background-hour-ratio10 coverage 11 triggers 52 detections [('alta', 3196.0, None)]
chaparral-base coverage 11 triggers 17 detections [('alta', 44.0, 'us6000txrj')]
chaparral-on4 coverage 11 triggers 29 detections [('alta', 44.0, 'us6000txrj')]
chaparral-on6 coverage 11 triggers 14 detections [('alta', 44.0, 'us6000txrj')]
chaparral-ratio10 coverage 11 triggers 17 detections [('alta', 44.0, 'us6000txrj')]
chaparral-ratio6 coverage 11 triggers 17 detections [('media', -4.0, None), ('alta', 44.0, 'us6000txrj')]
control1-base coverage 11 triggers 40 detections [('alta', 322.0, 'SGC2026taojuu'), ('alta', 544.0, None)]
control1-on4 coverage 11 triggers 58 detections [('alta', 322.0, 'SGC2026taojuu'), ('alta', 546.0, None)]
control1-on6 coverage 11 triggers 33 detections [('alta', 322.0, 'SGC2026taojuu'), ('alta', 546.0, None)]
control1-ratio10 coverage 11 triggers 40 detections [('alta', 322.0, 'SGC2026taojuu'), ('media', 544.0, None)]
control1-ratio6 coverage 11 triggers 40 detections [('media', -104.0, None), ('alta', 322.0, 'SGC2026taojuu'), ('alta', 542.0, None)]
control2-base coverage 11 triggers 6 detections []
control2-on4 coverage 11 triggers 13 detections []
control2-on6 coverage 11 triggers 5 detections []
control2-ratio10 coverage 11 triggers 6 detections []
control2-ratio6 coverage 11 triggers 6 detections []
holdout-chaparral-base coverage 11 triggers 16 detections [('alta', 44.0, 'us6000ty3z')]
holdout-chaparral-ratio10 coverage 11 triggers 16 detections [('alta', 44.0, 'us6000ty3z')]
holdout-istmina-base coverage 11 triggers 16 detections [('alta', 36.0, 'SGC2026suwjsn')]
holdout-istmina-ratio10 coverage 11 triggers 16 detections [('alta', 36.0, 'SGC2026suwjsn')]
holdout-istmina2-base coverage 11 triggers 6 detections [('alta', 38.0, 'SGC2026taaviy')]
holdout-istmina2-ratio10 coverage 11 triggers 6 detections [('alta', 38.0, 'SGC2026taaviy')]
istmina-base coverage 11 triggers 33 detections [('alta', -360.0, 'us6000ty0q'), ('alta', -138.0, 'us6000ty0q'), ('alta', 36.0, 'us6000ty0u')]
istmina-on4 coverage 11 triggers 49 detections [('media', -360.0, 'us6000ty0q'), ('media', -138.0, 'us6000ty0q'), ('alta', 36.0, 'us6000ty0u')]
istmina-on6 coverage 11 triggers 28 detections [('alta', -360.0, '20260927_0000285'), ('alta', -138.0, 'us6000ty0q'), ('alta', 36.0, 'us6000ty0u')]
istmina-ratio10 coverage 11 triggers 33 detections [('alta', -360.0, 'us6000ty0q'), ('alta', 36.0, 'us6000ty0u')]
istmina-ratio6 coverage 11 triggers 33 detections [('media', -366.0, 'us6000ty0q'), ('alta', -300.0, 'us6000ty0q'), ('alta', -138.0, 'us6000ty0q'), ('alta', 36.0, 'us6000ty0u')]
istmina2-base coverage 11 triggers 8 detections [('alta', 36.0, 'us6000txhs')]
istmina2-on4 coverage 11 triggers 14 detections [('alta', 36.0, 'us6000txhs')]
istmina2-on6 coverage 11 triggers 8 detections [('alta', 36.0, 'us6000txhs')]
istmina2-ratio10 coverage 11 triggers 8 detections [('alta', 36.0, 'us6000txhs')]
istmina2-ratio6 coverage 11 triggers 8 detections [('alta', 36.0, 'us6000txhs')]
santos-base coverage 11 triggers 19 detections [('alta', 42.0, 'us6000ty5f')]
santos-on4 coverage 11 triggers 27 detections [('alta', 42.0, 'us6000ty5f')]
santos-on6 coverage 11 triggers 14 detections [('alta', 42.0, 'us6000ty5f')]
santos-ratio10 coverage 11 triggers 19 detections [('alta', 42.0, 'us6000ty5f')]
santos-ratio6 coverage 11 triggers 19 detections [('alta', 42.0, 'us6000ty5f')]
